// Jest Snapshot v1, https://goo.gl/fbAQLP

exports[`renders Default without crashing 1`] = `
<body>
  <div>
    <dialog
      aria-modal="true"
      class="rcx-box rcx-box--full rcx-modal"
      open=""
    >
      <div
        class="rcx-box rcx-box--full rcx-modal__inner rcx-css-1e2ego0"
      >
        <header
          class="rcx-box rcx-box--full rcx-modal__header"
        >
          <div
            class="rcx-box rcx-box--full rcx-modal__header-inner"
          >
            <div
              class="rcx-box rcx-box--full rcx-modal__header-text rcx-css-trljwa rcx-css-lma364"
            >
              <h2
                class="rcx-box rcx-box--full rcx-modal__title"
                data-qa-id="confirm-app-upload-modal-title"
              >
                Apps_Currently_Enabled
              </h2>
            </div>
            <button
              aria-label="Close"
              class="rcx-box rcx-box--full rcx-button--small-square rcx-button--square rcx-button--icon rcx-button rcx-css-trljwa rcx-css-lma364"
              type="button"
            >
              <i
                aria-hidden="true"
                class="rcx-box rcx-box--full rcx-icon--name-cross rcx-icon rcx-css-4pvxx3"
              >
                î€ž
              </i>
            </button>
          </div>
        </header>
        <div
          class="rcx-box rcx-box--full rcx-modal__content rcx-css-1vw7itl"
        >
          <div
            class="rcx-box rcx-box--full rcx-modal__content-wrapper rcx-css-56vo9k"
          >
            <div
              class="rcx-box rcx-box--full rcx-box--with-block-elements rcx-box--with-inline-elements"
            >
              <p>
                Workspaces_on_Community_edition_install_app
              </p>
              

            </div>
          </div>
        </div>
        <div
          class="rcx-box rcx-box--full rcx-modal__footer rcx-css-17mu816"
        >
          <div
            class="rcx-button-group rcx-button-group--align-end"
            role="group"
          >
            <button
              class="rcx-box rcx-box--full rcx-button rcx-button-group__item"
              type="button"
            >
              <span
                class="rcx-button--content"
              >
                Enable_unlimited_apps
              </span>
            </button>
            <button
              class="rcx-box rcx-box--full rcx-button--primary rcx-button rcx-button-group__item"
              type="button"
            >
              <span
                class="rcx-button--content"
              >
                Next
              </span>
            </button>
          </div>
        </div>
      </div>
    </dialog>
  </div>
</body>
`;
