// Jest Snapshot v1, https://goo.gl/fbAQLP

exports[`renders Default without crashing 1`] = `
<body>
  <div>
    <div
      class="rcx-box rcx-box--full rcx-css-19lqiwa"
    >
      <div
        class="rcx-box rcx-box--full rcx-css-13kmycs"
      />
      <div
        class="rcx-box rcx-box--full rcx-css-6jv9ad"
      >
        <div
          class="rcx-box rcx-box--full rcx-css-1rn5ews"
        >
          <i
            aria-hidden="true"
            class="rcx-box rcx-box--full rcx-icon--name-hashtag rcx-icon rcx-css-tqjil4"
          >
            ÓÅÅ
          </i>
          <div
            class="rcx-box rcx-box--full rcx-css-dredvr"
            title="rocketchat-frontend-team"
          >
            rocketchat-frontend-team
          </div>
        </div>
      </div>
      <div
        class="rcx-box rcx-box--full rcx-css-6jv9ad"
      >
        <div
          class="rcx-box rcx-box--full rcx-css-1jagyun"
        >
          <div
            class="rcx-box rcx-box--full rcx-css-f0ql1y"
          >
            Description
          </div>
          <div
            class="rcx-box rcx-box--full rcx-css-6hwe8l rcx-css-11phrl6"
          >
            Lorem ipsum dolor sit amet, consectetur adipiscing elit. Aliquam mollis nisi vel arcu bibendum vehicula. Integer vitae suscipit libero
          </div>
        </div>
        <div
          class="rcx-box rcx-box--full rcx-css-1jagyun"
        >
          <div
            class="rcx-box rcx-box--full rcx-css-f0ql1y"
          >
            Announcement
          </div>
          <div
            class="rcx-box rcx-box--full rcx-css-6hwe8l rcx-css-11phrl6"
          >
            Lorem ipsum dolor sit amet, consectetur adipiscing elit. Aliquam mollis nisi vel arcu bibendum vehicula. Integer vitae suscipit libero
          </div>
        </div>
        <div
          class="rcx-box rcx-box--full rcx-css-1jagyun"
        >
          <div
            class="rcx-box rcx-box--full rcx-css-f0ql1y"
          >
            Topic
          </div>
          <div
            class="rcx-box rcx-box--full rcx-css-6hwe8l rcx-css-11phrl6"
          >
            Lorem ipsum dolor sit amet, consectetur adipiscing elit. Aliquam mollis nisi vel arcu bibendum vehicula. Integer vitae suscipit libero
          </div>
        </div>
      </div>
    </div>
  </div>
</body>
`;
