// Jest Snapshot v1, https://goo.gl/fbAQLP

exports[`renders AppLogsItem without crashing 1`] = `
<body>
  <div>
    <dl
      class="rcx-box rcx-box--full"
      style="padding: 24px;"
    >
      <dt
        class="rcx-box rcx-box--full"
        style="white-space: nowrap; text-overflow: ellipsis; overflow: hidden;"
      >
        <button
          aria-expanded="false"
          class="rcx-box rcx-box--full rcx-box--focusable rcx-css-wj27h8 rcx-css-ylkbm1"
          role="button"
        >
          <span
            class="rcx-box rcx-box--full rcx-chevron--down rcx-chevron"
            style="align-self: flex-start;"
          >
            <i
              aria-hidden="true"
              class="rcx-box rcx-box--full rcx-icon--name-chevron-down rcx-icon rcx-css-p4voah"
            >
              ÓÄê
            </i>
          </span>
          <div
            class="rcx-box rcx-box--full rcx-css-1caf7pm"
          >
            <div
              class="rcx-box rcx-box--full"
            >
              <div
                class="rcx-box rcx-box--full rcx-css-1qswey2"
              >
                2025-06-02T13:06:43.772Z debug anonymous OR constructor -&gt; handleApp 'checkPostMessageSent' is being called...
              </div>
              <div
                class="rcx-box rcx-box--full rcx-css-1qswey2"
              >
                2025-06-02T13:06:43.777Z debug anonymous OR constructor 'checkPostMessageSent' was successfully called! The result is: false
              </div>
            </div>
          </div>
        </button>
      </dt>
      <dd
        class="rcx-box rcx-box--full rcx-css-1i9pl35 rcx-css-s21r8p"
      >
        <div
          class="rcx-box rcx-box--full"
          role="region"
        >
          <div
            class="rcx-box rcx-box--full rcx-css-se78ym"
          >
            <div
              class="rcx-box rcx-box--full rcx-css-9j23vx"
            >
              Instance
            </div>
            b97ce445-b9ff-4513-8206-966afd799cd6
          </div>
          <div
            class="rcx-box rcx-box--full rcx-css-4r9746"
          >
            <div
              class="rcx-box rcx-box--full rcx-css-9j23vx"
            >
              Total_time
            </div>
            6ms
          </div>
          <div
            class="rcx-box rcx-box--full rcx-css-4r9746"
          >
            <div
              class="rcx-box rcx-box--full rcx-css-9j23vx"
            >
              Time
            </div>
            June 2, 2025 1:06 PM
          </div>
          <div
            class="rcx-box rcx-box--full rcx-css-4r9746"
          >
            <div
              class="rcx-box rcx-box--full rcx-css-9j23vx"
            >
              Event
            </div>
            app:checkPostMessageSent
          </div>
          <div
            class="rcx-box rcx-box--full rcx-css-ep8pat"
          >
            <div
              class="rcx-box rcx-box--full rcx-css-9j23vx"
            >
              Full_log
            </div>
          </div>
          <div
            class="rcx-box rcx-box--full rcx-css-4w7o7u"
          >
            <div
              class="rcx-box rcx-box--full rcx-box--with-block-elements rcx-box--with-inline-elements rcx-css-1qcz93u"
            >
              <pre>
                <code>
                  Loading
                </code>
              </pre>
            </div>
          </div>
        </div>
      </dd>
      <dt
        class="rcx-box rcx-box--full"
      >
        <hr
          class="rcx-box rcx-box--full rcx-divider rcx-css-1nqmhgo"
        />
      </dt>
    </dl>
  </div>
</body>
`;
