// Jest Snapshot v1, https://jestjs.io/docs/snapshot-testing

exports[`RecipientStep renders Default without crashing 1`] = `
<body>
  <div>
    <div
      class="rcx-box rcx-box--full rcx-css-162rsse"
    >
      <div>
        <form
          name="recipient-form"
        />
        <div
          class="rcx-box rcx-box--full steps-wizard-footer rcx-css-h2s0k0"
        >
          <div
            class="rcx-button-group rcx-button-group--align-start"
            role="group"
          >
            <button
              class="rcx-box rcx-box--full rcx-button--primary rcx-button rcx-button-group__item"
              type="button"
            >
              <span
                class="rcx-button--content"
              >
                Next
              </span>
            </button>
          </div>
        </div>
      </div>
    </div>
  </div>
</body>
`;

exports[`RecipientStep renders WithDefaultValues without crashing 1`] = `
<body>
  <div>
    <div
      class="rcx-box rcx-box--full rcx-css-162rsse"
    >
      <div>
        <form
          name="recipient-form"
        />
        <div
          class="rcx-box rcx-box--full steps-wizard-footer rcx-css-h2s0k0"
        >
          <div
            class="rcx-button-group rcx-button-group--align-start"
            role="group"
          >
            <button
              class="rcx-box rcx-box--full rcx-button--primary rcx-button rcx-button-group__item"
              type="button"
            >
              <span
                class="rcx-button--content"
              >
                Next
              </span>
            </button>
          </div>
        </div>
      </div>
    </div>
  </div>
</body>
`;
