// Jest Snapshot v1, https://jestjs.io/docs/snapshot-testing

exports[`renders Default without crashing 1`] = `
<body>
  <div>
    <dialog
      aria-labelledby=":r1:-title"
      aria-modal="true"
      class="rcx-box rcx-box--full rcx-modal"
      open=""
    >
      <form
        class="rcx-box rcx-box--full rcx-modal__inner rcx-css-1e2ego0"
      >
        <header
          class="rcx-box rcx-box--full rcx-modal__header"
        >
          <div
            class="rcx-box rcx-box--full rcx-modal__header-inner"
          >
            <div
              class="rcx-box rcx-box--full rcx-css-trljwa rcx-css-1xb12qx"
            >
              <i
                aria-hidden="true"
                class="rcx-box rcx-box--full rcx-icon--name-warning rcx-icon rcx-css-zozvgz"
              >
                
              </i>
            </div>
            <div
              class="rcx-box rcx-box--full rcx-modal__header-text rcx-css-trljwa rcx-css-lma364"
            >
              <h2
                class="rcx-box rcx-box--full rcx-modal__title"
                id=":r1:-title"
              >
                Enter_E2E_password
              </h2>
            </div>
            <button
              aria-label="Close"
              class="rcx-box rcx-box--full rcx-button--small-square rcx-button--square rcx-button--icon rcx-button rcx-css-trljwa rcx-css-lma364"
              type="button"
            >
              <i
                aria-hidden="true"
                class="rcx-box rcx-box--full rcx-icon--name-cross rcx-icon rcx-css-4pvxx3"
              >
                
              </i>
            </button>
          </div>
        </header>
        <div
          class="rcx-box rcx-box--full rcx-modal__content rcx-css-1vw7itl"
        >
          <div
            class="rcx-box rcx-box--full rcx-modal__content-wrapper rcx-css-r1bpeb"
          >
            <div
              class="rcx-box rcx-box--full"
            >
              E2E_password_request_text
            </div>
            <fieldset
              class="rcx-box rcx-box--full rcx-field-group rcx-css-1kyd72y"
              role="group"
            >
              <div
                class="rcx-box rcx-box--full rcx-field rcx-field-group__item"
              >
                <span
                  class="rcx-box rcx-box--full rcx-field__row"
                >
                  <label
                    class="rcx-box rcx-box--full rcx-label rcx-box rcx-box--full rcx-box--animated rcx-input-box__wrapper"
                  >
                    <input
                      aria-invalid="false"
                      aria-required="true"
                      class="rcx-box rcx-box--full rcx-box--animated rcx-input-box--undecorated rcx-input-box--type-password rcx-input-box"
                      name="password"
                      placeholder="Please_enter_E2EE_password"
                      size="1"
                      type="password"
                      value=""
                    />
                    <span
                      class="rcx-box rcx-box--full rcx-input-box__addon"
                    >
                      <i
                        aria-hidden="true"
                        class="rcx-box rcx-box--full rcx-icon--name-eye-off rcx-icon rcx-css-1bepdyv"
                      >
                        
                      </i>
                    </span>
                  </label>
                </span>
              </div>
            </fieldset>
          </div>
        </div>
        <div
          class="rcx-box rcx-box--full rcx-modal__footer rcx-css-17mu816"
        >
          <div
            class="rcx-button-group rcx-button-group--align-end"
            role="group"
          >
            <button
              class="rcx-box rcx-box--full rcx-button--secondary rcx-button rcx-button-group__item"
              type="button"
            >
              <span
                class="rcx-button--content"
              >
                Do_It_Later
              </span>
            </button>
            <button
              class="rcx-box rcx-box--full rcx-button--primary rcx-button rcx-button-group__item"
              type="submit"
            >
              <span
                class="rcx-button--content"
              >
                Enable_encryption
              </span>
            </button>
          </div>
        </div>
      </form>
    </dialog>
  </div>
</body>
`;
