// Jest Snapshot v1, https://jestjs.io/docs/snapshot-testing

exports[`renders AppLogsItem without crashing 1`] = `
<body>
  <div>
    <div
      class="rcx-box rcx-box--full rcx-css-4jy2w6"
    >
      <dialog
        aria-modal="true"
        class="rcx-box rcx-box--full rcx-modal"
        open=""
        title="Custom_time_range"
      >
        <div
          class="rcx-box rcx-box--full rcx-modal__inner rcx-css-1e2ego0"
        >
          <header
            class="rcx-box rcx-box--full rcx-modal__header"
          >
            <div
              class="rcx-box rcx-box--full rcx-modal__header-inner"
            >
              <h2
                class="rcx-box rcx-box--full rcx-modal__title rcx-css-trljwa rcx-css-lma364"
              >
                Custom_time_range
              </h2>
              <button
                aria-label="Close"
                class="rcx-box rcx-box--full rcx-button--small-square rcx-button--square rcx-button--icon rcx-button rcx-css-trljwa rcx-css-lma364"
                type="button"
              >
                <i
                  aria-hidden="true"
                  class="rcx-box rcx-box--full rcx-icon--name-cross rcx-icon rcx-css-4pvxx3"
                >
                  
                </i>
              </button>
            </div>
          </header>
          <div
            class="rcx-box rcx-box--full rcx-modal__content rcx-css-1vw7itl"
          >
            <div
              class="rcx-box rcx-box--full rcx-modal__content-wrapper rcx-css-56vo9k"
            >
              <div
                class="rcx-box rcx-box--full rcx-css-6ua2r5"
              >
                <label
                  class="rcx-box rcx-box--full rcx-label"
                  for="timeFilter"
                >
                  Logs_from
                </label>
                <div
                  class="rcx-box rcx-box--full rcx-css-omrq7i"
                >
                  <label
                    class="rcx-box rcx-box--full rcx-label rcx-box rcx-box--full rcx-box--animated rcx-input-box__wrapper rcx-css-sdt442"
                  >
                    <input
                      aria-label="Start_Date"
                      class="rcx-box rcx-box--full rcx-box--animated rcx-input-box--undecorated rcx-input-box--type-date rcx-input-box"
                      name="startDate"
                      size="1"
                      type="date"
                      value=""
                    />
                    <span
                      class="rcx-box rcx-box--full rcx-input-box__addon"
                    >
                      <i
                        aria-hidden="true"
                        class="rcx-box rcx-box--full rcx-icon--name-calendar rcx-icon rcx-css-4pvxx3"
                      >
                        
                      </i>
                    </span>
                  </label>
                  <label
                    class="rcx-box rcx-box--full rcx-label rcx-box rcx-box--full rcx-box--animated rcx-input-box__wrapper rcx-css-nc7kyx"
                  >
                    <input
                      aria-label="Start_Time"
                      class="rcx-box rcx-box--full rcx-box--animated rcx-input-box--undecorated rcx-input-box--type-time rcx-input-box"
                      name="startTime"
                      size="1"
                      type="time"
                      value=""
                    />
                    <span
                      class="rcx-box rcx-box--full rcx-input-box__addon"
                    >
                      <i
                        aria-hidden="true"
                        class="rcx-box rcx-box--full rcx-icon--name-clock rcx-icon rcx-css-4pvxx3"
                      >
                        
                      </i>
                    </span>
                  </label>
                </div>
              </div>
              <div
                class="rcx-box rcx-box--full rcx-css-1rfw4fq"
              >
                <label
                  class="rcx-box rcx-box--full rcx-label"
                  for="timeFilter"
                >
                  Until
                </label>
                <div
                  class="rcx-box rcx-box--full rcx-css-omrq7i"
                >
                  <label
                    class="rcx-box rcx-box--full rcx-label rcx-box rcx-box--full rcx-box--animated rcx-input-box__wrapper rcx-css-sdt442"
                  >
                    <input
                      aria-label="End_Date"
                      class="rcx-box rcx-box--full rcx-box--animated rcx-input-box--undecorated rcx-input-box--type-date rcx-input-box"
                      name="endDate"
                      size="1"
                      type="date"
                      value=""
                    />
                    <span
                      class="rcx-box rcx-box--full rcx-input-box__addon"
                    >
                      <i
                        aria-hidden="true"
                        class="rcx-box rcx-box--full rcx-icon--name-calendar rcx-icon rcx-css-4pvxx3"
                      >
                        
                      </i>
                    </span>
                  </label>
                  <label
                    class="rcx-box rcx-box--full rcx-label rcx-box rcx-box--full rcx-box--animated rcx-input-box__wrapper rcx-css-nc7kyx"
                  >
                    <input
                      aria-label="End_Time"
                      class="rcx-box rcx-box--full rcx-box--animated rcx-input-box--undecorated rcx-input-box--type-time rcx-input-box"
                      name="endTime"
                      size="1"
                      type="time"
                      value=""
                    />
                    <span
                      class="rcx-box rcx-box--full rcx-input-box__addon"
                    >
                      <i
                        aria-hidden="true"
                        class="rcx-box rcx-box--full rcx-icon--name-clock rcx-icon rcx-css-4pvxx3"
                      >
                        
                      </i>
                    </span>
                  </label>
                </div>
              </div>
            </div>
          </div>
          <div
            class="rcx-box rcx-box--full rcx-modal__footer rcx-css-17mu816"
          >
            <div
              class="rcx-button-group rcx-button-group--align-end"
              role="group"
            >
              <button
                class="rcx-box rcx-box--full rcx-button rcx-button-group__item"
                type="button"
              >
                <span
                  class="rcx-button--content"
                >
                  Cancel
                </span>
              </button>
              <button
                class="rcx-box rcx-box--full rcx-button--primary rcx-button rcx-button-group__item"
                disabled=""
                type="button"
              >
                <span
                  class="rcx-button--content"
                >
                  Apply
                </span>
              </button>
            </div>
          </div>
        </div>
      </dialog>
    </div>
  </div>
</body>
`;
