// Jest Snapshot v1, https://goo.gl/fbAQLP

exports[`renders Default without crashing 1`] = `
<body>
  <div>
    <button
      class="rcx-box rcx-box--full rcx-css-1efyy2i rcx-css-1ea594d"
      role="button"
      tabindex="0"
    >
      <div
        class="rcx-box rcx-box--full rcx-css-1n09zs3"
      >
        Text
      </div>
    </button>
  </div>
</body>
`;
