// Jest Snapshot v1, https://goo.gl/fbAQLP

exports[`renders Default without crashing 1`] = `
<body>
  <div>
    <div
      class="rcx-box rcx-box--full rcx-grid__wrapper"
    >
      <div
        class="rcx-box rcx-box--full rcx-grid"
      >
        <div
          class="rcx-box rcx-box--full rcx-grid__item"
        >
          <div
            class="rcx-box rcx-box--full rcx-css-yx7geq"
          >
            <span
              class="rcx-box rcx-box--full rcx-css-1b70sis"
              style="font-size: 3em; line-height: 1;"
            >
              123
            </span>
          </div>
          <div
            class="rcx-box rcx-box--full rcx-css-j783uf"
          />
        </div>
        <div
          class="rcx-box rcx-box--full rcx-grid__item"
        >
          <div
            class="rcx-box rcx-box--full rcx-css-yx7geq"
          >
            <span
              class="rcx-box rcx-box--full rcx-css-1b70sis"
              style="font-size: 3em; line-height: 1;"
            >
              456
            </span>
            <span
              class="rcx-box rcx-box--full rcx-css-15mdel9"
            >
              <svg
                style="width: 1.5em; height: 1.5em; vertical-align: -0.5em;"
                viewBox="0 0 24 24"
                xmlns="http://www.w3.org/2000/svg"
              >
                <path
                  clip-rule="evenodd"
                  d="M4.70712 15.3265L8.55757 11.4761C9.14335 10.8903 10.0931 10.8903
			10.6789 11.4761L11.9282 12.7254L15.9295 8.72417L14.2054 8.72417C13.6531
			8.72417 13.2054 8.27646 13.2054 7.72417C13.2054 7.17189 13.6531 6.72417
			14.2054 6.72417L18.3437 6.72418C18.896 6.72417 19.3437 7.17189 19.3437
			7.72418L19.3437 11.8625C19.3437 12.4148 18.896 12.8625 18.3437 12.8625
			C17.7914 12.8625 17.3437 12.4148 17.3437 11.8625L17.3437 10.1384L12.9889
			14.4932C12.4031 15.079 11.4534 15.079 10.8676 14.4932L9.61823 13.2439
			L6.12133 16.7408C5.73081 17.1313 5.09765 17.1313 4.70712 16.7408C4.3166
			16.3502 4.3166 15.7171 4.70712 15.3265Z"
                  fill="currentColor"
                  fill-rule="evenodd"
                />
              </svg>
              7
            </span>
          </div>
          <div
            class="rcx-box rcx-box--full rcx-css-j783uf"
          />
        </div>
        <div
          class="rcx-box rcx-box--full rcx-grid__item"
        >
          <div
            class="rcx-box rcx-box--full rcx-css-yx7geq"
          >
            <span
              class="rcx-box rcx-box--full rcx-css-1b70sis"
              style="font-size: 3em; line-height: 1;"
            >
              789
            </span>
            <span
              class="rcx-box rcx-box--full rcx-css-u9otzo"
            >
              <svg
                style="width: 1.5em; height: 1.5em; vertical-align: -0.5em;"
                viewBox="0 0 25 24"
                xmlns="http://www.w3.org/2000/svg"
              >
                <path
                  clip-rule="evenodd"
                  d="M4.70712 8.50049L8.55757 12.3509C9.14335 12.9367 10.0931 12.9367
			10.6789 12.3509L11.9282 11.1016L15.9295 15.1029L14.2054 15.1029C13.6531
			15.1029 13.2054 15.5506 13.2054 16.1029C13.2054 16.6551 13.6531 17.1029
			14.2054 17.1029L18.3437 17.1029C18.896 17.1029 19.3437 16.6551 19.3437
			16.1029L19.3437 11.9645C19.3437 11.4123 18.896 10.9645 18.3437 10.9645
			C17.7914 10.9645 17.3437 11.4123 17.3437 11.9645L17.3437 13.6886L12.9889
			9.33382C12.4031 8.74803 11.4534 8.74803 10.8676 9.33382L9.61823 10.5832
			L6.12133 7.08627C5.73081 6.69575 5.09765 6.69575 4.70712 7.08628C4.3166
			7.4768 4.3166 8.10996 4.70712 8.50049Z"
                  fill="currentColor"
                  fill-rule="evenodd"
                />
              </svg>
              1
            </span>
          </div>
          <div
            class="rcx-box rcx-box--full rcx-css-j783uf"
          >
            Description
          </div>
        </div>
      </div>
    </div>
  </div>
</body>
`;
